2026-05-28 18:24:15.898 +05 [1919334] LOG:  starting PostgreSQL 16.13 (Ubuntu 16.13-0ubuntu0.24.04.1) on x86_64-pc-linux-gnu, compiled by gcc (Ubuntu 13.3.0-6ubuntu2~24.04.1) 13.3.0, 64-bit
2026-05-28 18:24:15.898 +05 [1919334] LOG:  listening on IPv4 address "127.0.0.1", port 5434
2026-05-28 18:24:15.908 +05 [1919334] FATAL:  could not create lock file "/var/run/postgresql/.s.PGSQL.5434.lock": Permission denied
2026-05-28 18:24:15.919 +05 [1919334] LOG:  database system is shut down
2026-05-28 18:24:50.011 +05 [1920342] LOG:  starting PostgreSQL 16.13 (Ubuntu 16.13-0ubuntu0.24.04.1) on x86_64-pc-linux-gnu, compiled by gcc (Ubuntu 13.3.0-6ubuntu2~24.04.1) 13.3.0, 64-bit
2026-05-28 18:24:50.012 +05 [1920342] LOG:  listening on IPv4 address "127.0.0.1", port 5434
2026-05-28 18:24:50.024 +05 [1920342] LOG:  listening on Unix socket "/home/inomjon/inomjonfolio/.local-postgres/.s.PGSQL.5434"
2026-05-28 18:24:50.059 +05 [1920347] LOG:  database system was shut down at 2026-05-28 18:23:54 +05
2026-05-28 18:24:50.078 +05 [1920342] LOG:  database system is ready to accept connections
2026-05-28 18:29:50.169 +05 [1920345] LOG:  checkpoint starting: time
2026-05-28 18:31:35.122 +05 [1920345] LOG:  checkpoint complete: wrote 988 buffers (6.0%); 0 WAL file(s) added, 0 removed, 0 recycled; write=104.768 s, sync=0.069 s, total=104.954 s; sync files=339, longest=0.004 s, average=0.001 s; distance=4575 kB, estimate=4575 kB; lsn=0/196C250, redo lsn=0/196C218
2026-05-28 18:39:50.341 +05 [1920345] LOG:  checkpoint starting: time
2026-05-28 18:39:52.011 +05 [1920345] LOG:  checkpoint complete: wrote 16 buffers (0.1%); 0 WAL file(s) added, 0 removed, 0 recycled; write=1.622 s, sync=0.010 s, total=1.671 s; sync files=13, longest=0.004 s, average=0.001 s; distance=1 kB, estimate=4117 kB; lsn=0/196C808, redo lsn=0/196C7D0
2026-05-28 18:49:50.218 +05 [1920345] LOG:  checkpoint starting: time
2026-05-28 18:49:50.791 +05 [1920345] LOG:  checkpoint complete: wrote 6 buffers (0.0%); 0 WAL file(s) added, 0 removed, 0 recycled; write=0.550 s, sync=0.003 s, total=0.574 s; sync files=6, longest=0.002 s, average=0.001 s; distance=1 kB, estimate=3706 kB; lsn=0/196CEA8, redo lsn=0/196CE70
2026-05-28 19:14:51.248 +05 [1920345] LOG:  checkpoint starting: time
2026-05-28 19:14:51.413 +05 [1920345] LOG:  checkpoint complete: wrote 2 buffers (0.0%); 0 WAL file(s) added, 0 removed, 0 recycled; write=0.141 s, sync=0.003 s, total=0.168 s; sync files=2, longest=0.002 s, average=0.001 s; distance=1 kB, estimate=3335 kB; lsn=0/196D3C0, redo lsn=0/196D388
2026-05-29 23:20:32.658 +05 [1920345] LOG:  checkpoint starting: time
2026-05-29 23:20:34.029 +05 [1920345] LOG:  checkpoint complete: wrote 6 buffers (0.0%); 0 WAL file(s) added, 0 removed, 0 recycled; write=1.027 s, sync=0.065 s, total=1.376 s; sync files=6, longest=0.058 s, average=0.011 s; distance=5 kB, estimate=3002 kB; lsn=0/196EAA8, redo lsn=0/196EA70
2026-05-30 15:48:27.552 +05 [1920345] LOG:  checkpoint starting: time
2026-05-30 15:48:28.054 +05 [1920345] LOG:  checkpoint complete: wrote 5 buffers (0.0%); 0 WAL file(s) added, 0 removed, 0 recycled; write=0.466 s, sync=0.004 s, total=0.505 s; sync files=5, longest=0.003 s, average=0.001 s; distance=6 kB, estimate=2703 kB; lsn=0/1970600, redo lsn=0/19705C8
2026-05-30 16:08:27.478 +05 [1920345] LOG:  checkpoint starting: time
2026-05-30 16:08:28.008 +05 [1920345] LOG:  checkpoint complete: wrote 5 buffers (0.0%); 0 WAL file(s) added, 0 removed, 0 recycled; write=0.483 s, sync=0.009 s, total=0.533 s; sync files=5, longest=0.004 s, average=0.002 s; distance=8 kB, estimate=2433 kB; lsn=0/1972820, redo lsn=0/19727E8
2026-05-30 16:38:27.821 +05 [1920345] LOG:  checkpoint starting: time
2026-05-30 16:38:28.491 +05 [1920345] LOG:  checkpoint complete: wrote 5 buffers (0.0%); 0 WAL file(s) added, 0 removed, 0 recycled; write=0.542 s, sync=0.033 s, total=0.674 s; sync files=5, longest=0.022 s, average=0.007 s; distance=9 kB, estimate=2191 kB; lsn=0/1974F40, redo lsn=0/1974F08
2026-05-30 16:48:27.731 +05 [1920345] LOG:  checkpoint starting: time
2026-05-30 16:48:28.381 +05 [1920345] LOG:  checkpoint complete: wrote 6 buffers (0.0%); 0 WAL file(s) added, 0 removed, 0 recycled; write=0.587 s, sync=0.018 s, total=0.653 s; sync files=6, longest=0.009 s, average=0.003 s; distance=12 kB, estimate=1973 kB; lsn=0/1977F88, redo lsn=0/1977F50
2026-05-30 17:01:58.011 +05 [2553773] LOG:  starting PostgreSQL 16.13 (Ubuntu 16.13-0ubuntu0.24.04.1) on x86_64-pc-linux-gnu, compiled by gcc (Ubuntu 13.3.0-6ubuntu2~24.04.1) 13.3.0, 64-bit
2026-05-30 17:01:58.011 +05 [2553773] LOG:  listening on IPv4 address "127.0.0.1", port 5434
2026-05-30 17:01:58.016 +05 [2553773] LOG:  listening on Unix socket "/home/inomjon/inomjonfolio/.local-postgres/.s.PGSQL.5434"
2026-05-30 17:01:58.035 +05 [2553779] LOG:  database system was interrupted; last known up at 2026-05-30 16:48:28 +05
2026-05-30 17:01:58.225 +05 [2553779] LOG:  database system was not properly shut down; automatic recovery in progress
2026-05-30 17:01:58.233 +05 [2553779] LOG:  redo starts at 0/1977F50
2026-05-30 17:01:58.234 +05 [2553779] LOG:  invalid record length at 0/1978050: expected at least 24, got 0
2026-05-30 17:01:58.235 +05 [2553779] LOG:  redo done at 0/1978018 system usage: CPU: user: 0.00 s, system: 0.00 s, elapsed: 0.00 s
2026-05-30 17:01:58.241 +05 [2553777] LOG:  checkpoint starting: end-of-recovery immediate wait
2026-05-30 17:01:58.263 +05 [2553777] LOG:  checkpoint complete: wrote 3 buffers (0.0%); 0 WAL file(s) added, 0 removed, 0 recycled; write=0.005 s, sync=0.005 s, total=0.024 s; sync files=2, longest=0.003 s, average=0.003 s; distance=0 kB, estimate=0 kB; lsn=0/1978050, redo lsn=0/1978050
2026-05-30 17:01:58.277 +05 [2553773] LOG:  database system is ready to accept connections
2026-05-30 21:26:01.900 +05 [2553777] LOG:  checkpoint starting: time
2026-05-30 21:26:02.581 +05 [2553777] LOG:  checkpoint complete: wrote 7 buffers (0.0%); 0 WAL file(s) added, 0 removed, 0 recycled; write=0.643 s, sync=0.004 s, total=0.682 s; sync files=4, longest=0.003 s, average=0.001 s; distance=11 kB, estimate=11 kB; lsn=0/197ADD8, redo lsn=0/197ADA0
2026-05-30 22:07:56.129 +05 [2553773] LOG:  received fast shutdown request
2026-05-30 22:07:56.161 +05 [2553773] LOG:  aborting any active transactions
2026-05-30 22:07:56.295 +05 [2553773] LOG:  background worker "logical replication launcher" (PID 2553791) exited with exit code 1
2026-05-30 22:07:56.337 +05 [2553777] LOG:  shutting down
2026-05-30 22:07:56.351 +05 [2553777] LOG:  checkpoint starting: shutdown immediate
2026-05-30 22:07:56.415 +05 [2553777] LOG:  checkpoint complete: wrote 0 buffers (0.0%); 0 WAL file(s) added, 0 removed, 0 recycled; write=0.015 s, sync=0.006 s, total=0.076 s; sync files=0, longest=0.000 s, average=0.000 s; distance=0 kB, estimate=10 kB; lsn=0/197AE88, redo lsn=0/197AE88
2026-05-30 22:07:56.431 +05 [2553773] LOG:  database system is shut down
